// Jest Snapshot v1, https://goo.gl/fbAQLP

exports[`Pruebas en <CounterApp/> debe de hacer match con el snapshot 1`] = `
<div>
  <h1>
    Counnter app
  </h1>
  <p>
    100
  </p>
  <button>
    +1
  </button>
  <button>
    -1
  </button>
  <button>
    Reset
  </button>
</div>
`;
